Overriding model.yaml nc=80 with nc=1
WARNING no model scale passed. Assuming scale='l'.
Overriding model.yaml nc=80 with nc=1
WARNING no model scale passed. Assuming scale='l'.
Overriding model.yaml nc=80 with nc=1
WARNING no model scale passed. Assuming scale='l'.
Overriding model.yaml nc=80 with nc=1
WARNING no model scale passed. Assuming scale='l'.
WARNING no model scale passed. Assuming scale='l'.
WARNING no model scale passed. Assuming scale='l'.
WARNING no model scale passed. Assuming scale='l'.
Overriding model.yaml nc=80 with nc=1
WARNING no model scale passed. Assuming scale='l'.
Transferred 536/545 items from pretrained weights
[34m[1moptimizer:[0m AdamW(lr=0.0005, momentum=0.937) with parameter groups 81 weight(decay=0.0), 127 weight(decay=0.0001), 128 bias(decay=0.0)
Fast image access  (ping: 0.10.0 ms, read: 1817.8306.3 MB/s, size: 4288.9 KB)
Fast image access  (ping: 0.10.0 ms, read: 2548.7532.0 MB/s, size: 5781.6 KB)
Ultralytics 8.4.21  Python-3.9.25 torch-2.7.1+cu118 CPU (Intel Core i7-10750H 2.60GHz)
rtdetr-resnet18-lite-cscef-scca summary: 229 layers, 19,970,168 parameters, 15,999,864 gradients, 57.6 GFLOPs
[34m[1mval: [0mFast image access  (ping: 0.10.0 ms, read: 1578.7599.7 MB/s, size: 4288.9 KB)

[K[34m[1mval: [0mScanning D:\MyProjects\Crack_RTDETR\outputs\worktrees\acr\outputs\local_data\labels\val.cache... 4 images, 0 backgrounds, 0 corrupt: 100% ━━━━━━━━━━━━ 4/4  0.0s
[34m[1mval: [0mFast image access  (ping: 0.10.0 ms, read: 2019.2407.5 MB/s, size: 4288.9 KB)

[K                 Class     Images  Instances      Box(P          R      mAP50  mAP50-95): 25% ━━━───────── 1/4 1.9s/it 0.6s<5.8s
[K                 Class     Images  Instances      Box(P          R      mAP50  mAP50-95): 50% ━━━━━━────── 2/4 1.1s/it 1.1s<2.3s
[K                 Class     Images  Instances      Box(P          R      mAP50  mAP50-95): 75% ━━━━━━━━━─── 3/4 1.1it/s 1.8s<0.9s
[K                 Class     Images  Instances      Box(P          R      mAP50  mAP50-95): 100% ━━━━━━━━━━━━ 4/4 1.7it/s 2.3s
                   all          4          8          0          0          0          0
Speed: 0.9ms preprocess, 446.1ms inference, 0.0ms loss, 0.7ms postprocess per image
Results saved to [1mD:\MyProjects\Crack_RTDETR\outputs\worktrees\c25\outputs\c25_delivery_final\tiny_val\plots[0m
Ultralytics 8.4.21  Python-3.9.25 torch-2.7.1+cu118 CPU (Intel Core i7-10750H 2.60GHz)
rtdetr-resnet18-lite-cscef-scca summary: 229 layers, 19,970,168 parameters, 15,999,864 gradients, 57.6 GFLOPs
[34m[1mval: [0mFast image access  (ping: 0.10.0 ms, read: 1756.6549.3 MB/s, size: 5781.6 KB)

[K[34m[1mval: [0mScanning D:\MyProjects\Crack_RTDETR\outputs\worktrees\acr\outputs\local_data\labels\test.cache... 4 images, 0 backgrounds, 0 corrupt: 100% ━━━━━━━━━━━━ 4/4  0.0s
[34m[1mval: [0mFast image access  (ping: 0.10.0 ms, read: 1548.2113.4 MB/s, size: 5781.6 KB)

[K                 Class     Images  Instances      Box(P          R      mAP50  mAP50-95): 25% ━━━───────── 1/4 1.7s/it 0.5s<5.1s
[K                 Class     Images  Instances      Box(P          R      mAP50  mAP50-95): 50% ━━━━━━────── 2/4 1.0s/it 1.1s<2.1s
[K                 Class     Images  Instances      Box(P          R      mAP50  mAP50-95): 75% ━━━━━━━━━─── 3/4 1.2it/s 1.6s<0.8s
[K                 Class     Images  Instances      Box(P          R      mAP50  mAP50-95): 100% ━━━━━━━━━━━━ 4/4 1.9it/s 2.1s
                   all          4         12          0          0          0          0
Speed: 1.1ms preprocess, 403.8ms inference, 0.0ms loss, 0.7ms postprocess per image
Results saved to [1mD:\MyProjects\Crack_RTDETR\outputs\worktrees\c25\outputs\c25_delivery_final\tiny_test\plots[0m
